[templates.hibootstrap.com/caban/default/index.html]
[templates.hibootstrap.com/caban/default/assets/css/bootstrap.min.css]
[templates.hibootstrap.com/caban/default/assets/css/line-awesome.min.css]
[templates.hibootstrap.com/caban/default/assets/css/flaticon.css]
[templates.hibootstrap.com/caban/default/assets/css/swiper-min.css]
[templates.hibootstrap.com/caban/default/assets/css/magnific-popup.css]
[templates.hibootstrap.com/caban/default/assets/css/fancybox.css]
[templates.hibootstrap.com/caban/default/assets/css/aos.css]
[templates.hibootstrap.com/caban/default/assets/css/odometre.css]
[templates.hibootstrap.com/caban/default/assets/css/style.css]
[templates.hibootstrap.com/caban/default/assets/css/responsive.css]
[backblue.gif]
[fade.gif]
[index.html]
[templates.hibootstrap.com/caban/default/assets/css/dark-theme.css]
[templates.hibootstrap.com/caban/default/assets/img/favicon.png]
[templates.hibootstrap.com/caban/default/assets/img/preloader.gif]
[templates.hibootstrap.com/caban/default/assets/img/uk.png]
[templates.hibootstrap.com/caban/default/assets/img/china.png]
[templates.hibootstrap.com/caban/default/assets/img/uae.png]
[templates.hibootstrap.com/caban/default/reservation.html]
[templates.hibootstrap.com/caban/default/assets/img/logo-white.png]
[templates.hibootstrap.com/caban/default/index-2.html]
[templates.hibootstrap.com/caban/default/index-3.html]
[templates.hibootstrap.com/caban/default/services.html]
[templates.hibootstrap.com/caban/default/service-details.html]
[templates.hibootstrap.com/caban/default/about.html]
[templates.hibootstrap.com/caban/default/feature.html]
[templates.hibootstrap.com/caban/default/gallery.html]
[templates.hibootstrap.com/caban/default/search-location.html]
[templates.hibootstrap.com/caban/default/app.html]
[templates.hibootstrap.com/caban/default/testimonials.html]
[templates.hibootstrap.com/caban/default/faq.html]
[templates.hibootstrap.com/caban/default/login.html]
[templates.hibootstrap.com/caban/default/register.html]
[templates.hibootstrap.com/caban/default/forgot-pwd.html]
[templates.hibootstrap.com/caban/default/privacy-policy.html]
[templates.hibootstrap.com/caban/default/terms-conditions.html]
[templates.hibootstrap.com/caban/default/404.html]
[templates.hibootstrap.com/caban/default/shop-left-sidebar.html]
[templates.hibootstrap.com/caban/default/shop-right-sidebar.html]
[templates.hibootstrap.com/caban/default/shop-no-sidebar.html]
[templates.hibootstrap.com/caban/default/shop-details.html]
[templates.hibootstrap.com/caban/default/cart.html]
[templates.hibootstrap.com/caban/default/wishlist.html]
[templates.hibootstrap.com/caban/default/checkout.html]
[templates.hibootstrap.com/caban/default/blog-no-sidebar.html]
[templates.hibootstrap.com/caban/default/blog-left-sidebar.html]
[templates.hibootstrap.com/caban/default/blog-right-sidebar.html]
[templates.hibootstrap.com/caban/default/blog-details-no-sidebar.html]
[templates.hibootstrap.com/caban/default/blog-details-left-sidebar.html]
[templates.hibootstrap.com/caban/default/blog-details-right-sidebar.html]
[templates.hibootstrap.com/caban/default/contact.html]
[templates.hibootstrap.com/caban/default/assets/img/hero/hero-shape-1.png]
[templates.hibootstrap.com/caban/default/assets/img/hero/hero-shape-2.png]
[templates.hibootstrap.com/caban/default/assets/img/hero/hero-shape-31.png]
[templates.hibootstrap.com/caban/default/assets/img/hero/hero-img-1.png]
[templates.hibootstrap.com/caban/default/assets/img/about/about-shape-1.png]
[templates.hibootstrap.com/caban/default/assets/img/about/about-shape-2.png]
[templates.hibootstrap.com/caban/default/assets/img/about/about-shape-3.png]
[templates.hibootstrap.com/caban/default/assets/img/secion-shape-1.png]
[templates.hibootstrap.com/caban/default/assets/img/secion-shape-2.png]
[templates.hibootstrap.com/caban/default/assets/img/about/author-sign.png]
[templates.hibootstrap.com/caban/default/assets/img/service/breakfast.png]
[templates.hibootstrap.com/caban/default/assets/img/service/lunch.png]
[templates.hibootstrap.com/caban/default/assets/img/service/dinner.png]
[templates.hibootstrap.com/caban/default/assets/img/service/custom.png]
[templates.hibootstrap.com/caban/default/assets/img/shape-1.png]
[templates.hibootstrap.com/caban/default/assets/img/shape-2.png]
[templates.hibootstrap.com/caban/default/assets/img/feature/feature-item-1.jpg]
[templates.hibootstrap.com/caban/default/assets/img/feature/circle-1.png]
[templates.hibootstrap.com/caban/default/assets/img/feature/feature-item-2.jpg]
[templates.hibootstrap.com/caban/default/assets/img/feature/feature-item-3.jpg]
[templates.hibootstrap.com/caban/default/assets/img/feature/feature-item-4.jpg]
[templates.hibootstrap.com/caban/default/assets/img/feature/feature-item-5.jpg]
[templates.hibootstrap.com/caban/default/assets/img/feature/feature-item-6.jpg]
[templates.hibootstrap.com/caban/default/assets/img/fruit-1.png]
[templates.hibootstrap.com/caban/default/assets/img/delivery/car.png]
[templates.hibootstrap.com/caban/default/assets/img/contact/contact-img-1.png]
[templates.hibootstrap.com/caban/default/assets/img/testimonial/client-1.jpg]
[templates.hibootstrap.com/caban/default/assets/img/testimonial/client-2.jpg]
[templates.hibootstrap.com/caban/default/assets/img/testimonial/client-3.jpg]
[templates.hibootstrap.com/caban/default/assets/img/testimonial/client-4.jpg]
[templates.hibootstrap.com/caban/default/assets/img/app/google-playstore.png]
[templates.hibootstrap.com/caban/default/assets/img/app/apple-playstore.png]
[templates.hibootstrap.com/caban/default/assets/img/app/app-img-1.png]
[templates.hibootstrap.com/caban/default/assets/img/app/app-showcase.png]
[templates.hibootstrap.com/caban/default/menus.html]
[templates.hibootstrap.com/caban/default/assets/img/instagram/instagram-1.jpg]
[templates.hibootstrap.com/caban/default/assets/img/instagram/instagram-2.jpg]
[templates.hibootstrap.com/caban/default/assets/img/instagram/instagram-3.jpg]
[templates.hibootstrap.com/caban/default/assets/img/instagram/instagram-4.jpg]
[templates.hibootstrap.com/caban/default/assets/img/instagram/instagram-5.jpg]
[templates.hibootstrap.com/caban/default/assets/img/instagram/instagram-6.jpg]
[templates.hibootstrap.com/caban/default/assets/img/instagram/instagram-7.jpg]
[templates.hibootstrap.com/caban/default/assets/img/instagram/instagram-8.jpg]
[templates.hibootstrap.com/caban/default/assets/img/instagram/instagram-9.jpg]
[templates.hibootstrap.com/cdn-cgi/scripts/5c5dd728/cloudflare-static/email-decode.min.js]
[templates.hibootstrap.com/caban/default/assets/js/jquery.min.js]
[templates.hibootstrap.com/caban/default/assets/js/bootstrap.min.js]
[templates.hibootstrap.com/caban/default/assets/js/form-validator.min.js]
[templates.hibootstrap.com/caban/default/assets/js/contact-form-script.js]
[templates.hibootstrap.com/caban/default/assets/js/aos.js]
[templates.hibootstrap.com/caban/default/assets/js/swiper-min.js]
[templates.hibootstrap.com/caban/default/assets/js/jquery-magnific-popup.js]
[templates.hibootstrap.com/caban/default/assets/js/fancybox.js]
[templates.hibootstrap.com/caban/default/assets/js/jquery.appear.js]
[templates.hibootstrap.com/caban/default/assets/js/odometre.min.js]
[templates.hibootstrap.com/caban/default/index.html]
[templates.hibootstrap.com/caban/default/assets/css/bootstrap.min.css]
[templates.hibootstrap.com/caban/default/assets/js/main.js]
[templates.hibootstrap.com/caban/default/assets/fonts/la-brands-400.eot]
[templates.hibootstrap.com/caban/default/assets/fonts/la-brands-400d41d.eot]
[templates.hibootstrap.com/caban/default/assets/fonts/la-brands-400.woff2]
[templates.hibootstrap.com/caban/default/assets/fonts/la-brands-400.woff]
[templates.hibootstrap.com/caban/default/assets/fonts/la-brands-400.ttf]
[templates.hibootstrap.com/caban/default/assets/fonts/la-brands-400.svg]
[templates.hibootstrap.com/caban/default/assets/fonts/la-regular-400.eot]
[templates.hibootstrap.com/caban/default/assets/fonts/la-regular-400d41d.eot]
[templates.hibootstrap.com/caban/default/assets/fonts/la-regular-400.woff2]
[templates.hibootstrap.com/caban/default/assets/fonts/la-regular-400.woff]
[templates.hibootstrap.com/caban/default/assets/fonts/la-regular-400.ttf]
[templates.hibootstrap.com/caban/default/assets/fonts/la-regular-400.svg]
[templates.hibootstrap.com/caban/default/assets/fonts/la-solid-900.eot]
[templates.hibootstrap.com/caban/default/assets/fonts/la-solid-900d41d.eot]
[templates.hibootstrap.com/caban/default/assets/fonts/la-solid-900.woff2]
[templates.hibootstrap.com/caban/default/assets/fonts/la-solid-900.woff]
[templates.hibootstrap.com/caban/default/assets/fonts/la-solid-900.ttf]
[templates.hibootstrap.com/caban/default/assets/css/line-awesome.min.css]
[templates.hibootstrap.com/caban/default/assets/fonts/la-solid-900.svg]
[templates.hibootstrap.com/caban/default/assets/fonts/flaticonf30d.ttf]
[templates.hibootstrap.com/caban/default/assets/fonts/flaticonf30d.woff]
[templates.hibootstrap.com/caban/default/assets/fonts/flaticonf30d.woff2]
[templates.hibootstrap.com/caban/default/assets/fonts/flaticonf30d.eot]
[templates.hibootstrap.com/caban/default/assets/css/flaticon.css]
[templates.hibootstrap.com/caban/default/assets/css/swiper-min.css]
[templates.hibootstrap.com/caban/default/assets/css/magnific-popup.css]
[templates.hibootstrap.com/caban/default/assets/css/fancybox.css]
[templates.hibootstrap.com/caban/default/assets/css/aos.css]
[templates.hibootstrap.com/caban/default/assets/css/odometre.css]
[templates.hibootstrap.com/caban/default/assets/fonts/flaticonf30d.svg]
[templates.hibootstrap.com/caban/default/assets/fonts/Over-Break.ttf]
[templates.hibootstrap.com/caban/default/assets/img/breadcrumb/br-bg-1.jpg]
[templates.hibootstrap.com/caban/default/assets/img/hero/hero-bg-1.jpg]
[templates.hibootstrap.com/caban/default/assets/img/hero/hero-img-4.jpg]
[templates.hibootstrap.com/caban/default/assets/img/hero/hero-img-3.jpg]
[templates.hibootstrap.com/caban/default/assets/img/about/about-img-1.jpg]
[templates.hibootstrap.com/caban/default/assets/img/about/about-img-2.jpg]
[templates.hibootstrap.com/caban/default/assets/img/about/about-4.jpg]
[templates.hibootstrap.com/caban/default/assets/img/about/about-5.jpg]
[templates.hibootstrap.com/caban/default/assets/img/service/service-bg-1.jpg]
[templates.hibootstrap.com/caban/default/assets/img/bg-1.jpg]
[templates.hibootstrap.com/caban/default/assets/img/contact/contact-bg-1.jpg]
[templates.hibootstrap.com/caban/default/assets/img/contact/contact-bg-2.jpg]
[templates.hibootstrap.com/caban/default/assets/img/contact/map.png]
[templates.hibootstrap.com/caban/default/assets/img/feature/feature-bg-2.jpg]
[templates.hibootstrap.com/caban/default/assets/img/offer/down-arrow.png]
[templates.hibootstrap.com/caban/default/assets/img/offer/bg-3.jpg]
[templates.hibootstrap.com/caban/default/assets/img/offer/promotion-2.jpg]
[templates.hibootstrap.com/caban/default/assets/img/feature/feature-bg-1.jpg]
[templates.hibootstrap.com/caban/default/assets/img/bg-2.jpg]
[templates.hibootstrap.com/caban/default/assets/img/offer/video-bg-1.jpg]
[templates.hibootstrap.com/caban/default/assets/img/offer/video-bg-2.jpg]
[templates.hibootstrap.com/caban/default/assets/img/app/app-bg-1.jpg]
[templates.hibootstrap.com/caban/default/assets/img/newsletter-bg-1.jpg]
[templates.hibootstrap.com/caban/default/assets/img/footer/footer-bg-1.jpg]
[templates.hibootstrap.com/caban/default/assets/img/footer/footer-bg-2.jpg]
[templates.hibootstrap.com/caban/default/assets/css/style.css]
[templates.hibootstrap.com/caban/default/assets/css/responsive.css]
[i.ibb.co/7JfqXxB/night.png]
[templates.hibootstrap.com/caban/default/assets/css/dark-theme.css]
[templates.hibootstrap.com/caban/default/assets/img/logo-black.png]
[templates.hibootstrap.com/caban/default/reservation.html]
[templates.hibootstrap.com/caban/default/assets/img/hero/badge.png]
[templates.hibootstrap.com/caban/default/assets/img/hero/hero-img-2.png]
[templates.hibootstrap.com/caban/default/assets/img/about/about-6.jpg]
[templates.hibootstrap.com/caban/default/assets/img/service/service-card-shape-1.png]
[templates.hibootstrap.com/caban/default/assets/img/service/service-card-shape-2.png]
[templates.hibootstrap.com/caban/default/assets/img/fruit.png]
[templates.hibootstrap.com/caban/default/assets/img/offer/offser-shape-4.png]
[templates.hibootstrap.com/caban/default/assets/img/app/shape-5.png]
[templates.hibootstrap.com/caban/default/assets/img/app/shape-6.png]
[templates.hibootstrap.com/caban/default/assets/img/blog/blog-1.jpg]
[templates.hibootstrap.com/caban/default/assets/img/blog/blog-2.jpg]
[templates.hibootstrap.com/caban/default/assets/img/blog/blog-3.jpg]
[templates.hibootstrap.com/caban/default/index-2.html]
[templates.hibootstrap.com/caban/default/assets/img/hero/hero-shape-4.png]
[templates.hibootstrap.com/caban/default/assets/img/hero/hero-shape-5.png]
[templates.hibootstrap.com/caban/default/assets/img/hero/hero-img-5.png]
[templates.hibootstrap.com/caban/default/assets/img/partner/partner-logo-1.png]
[templates.hibootstrap.com/caban/default/assets/img/partner/partner-logo-2.png]
[templates.hibootstrap.com/caban/default/assets/img/partner/partner-logo-3.png]
[templates.hibootstrap.com/caban/default/assets/img/partner/partner-logo-4.png]
[templates.hibootstrap.com/caban/default/assets/img/partner/partner-logo-5.png]
[templates.hibootstrap.com/caban/default/assets/img/delivery/del-1.jpg]
[templates.hibootstrap.com/caban/default/assets/img/delivery/del-2.jpg]
[templates.hibootstrap.com/caban/default/assets/img/delivery/del-3.jpg]
[templates.hibootstrap.com/caban/default/assets/img/delivery/del-4.jpg]
[templates.hibootstrap.com/caban/default/assets/img/contact/agent-1.png]
[templates.hibootstrap.com/caban/default/assets/img/offer/video-shape-1.png]
[templates.hibootstrap.com/caban/default/assets/img/offer/video-shape-2.png]
[templates.hibootstrap.com/caban/default/index-3.html]
[templates.hibootstrap.com/caban/default/services.html]
[templates.hibootstrap.com/caban/default/assets/img/service/single-service.jpg]
[templates.hibootstrap.com/caban/default/service-details.html]
[templates.hibootstrap.com/caban/default/about.html]
[templates.hibootstrap.com/caban/default/feature.html]
[templates.hibootstrap.com/caban/default/assets/img/blog/blog-6.jpg]
[templates.hibootstrap.com/caban/default/assets/img/blog/blog-4.jpg]
[templates.hibootstrap.com/caban/default/assets/img/blog/blog-5.jpg]
[templates.hibootstrap.com/caban/default/gallery.html]
[templates.hibootstrap.com/caban/default/search-location.html]
[templates.hibootstrap.com/caban/default/app.html]
[templates.hibootstrap.com/caban/default/testimonials.html]
[templates.hibootstrap.com/caban/default/faq.html]
[templates.hibootstrap.com/caban/default/login.html]
[templates.hibootstrap.com/caban/default/register.html]
[templates.hibootstrap.com/caban/default/forgot-pwd.html]
[templates.hibootstrap.com/caban/default/privacy-policy.html]
[templates.hibootstrap.com/caban/default/terms-conditions.html]
[templates.hibootstrap.com/caban/default/404.html]
[templates.hibootstrap.com/caban/default/car-details.html]
[templates.hibootstrap.com/caban/default/assets/img/blog/post-thumb-1.jpg]
[templates.hibootstrap.com/caban/default/assets/img/blog/post-thumb-3.jpg]
[templates.hibootstrap.com/caban/default/assets/img/blog/post-thumb-2.jpg]
[templates.hibootstrap.com/caban/default/shop-left-sidebar.html]
[templates.hibootstrap.com/caban/default/shop-right-sidebar.html]
[templates.hibootstrap.com/caban/default/shop-no-sidebar.html]
[templates.hibootstrap.com/caban/default/assets/img/feature/single-product-1.png]
[templates.hibootstrap.com/caban/default/assets/img/feature/single-product-2.png]
[templates.hibootstrap.com/caban/default/assets/img/feature/single-product-3.png]
[templates.hibootstrap.com/caban/default/assets/img/feature/single-product-4.png]
[templates.hibootstrap.com/caban/default/terms-condition.html]
[templates.hibootstrap.com/caban/default/shop-details.html]
[templates.hibootstrap.com/caban/default/cart.html]
[templates.hibootstrap.com/caban/default/wishlist.html]
[templates.hibootstrap.com/caban/default/checkout.html]
[templates.hibootstrap.com/caban/default/blog-no-sidebar.html]
[templates.hibootstrap.com/caban/default/blog-left-sidebar.html]
[templates.hibootstrap.com/caban/default/blog-right-sidebar.html]
[templates.hibootstrap.com/caban/default/assets/img/blog/single-blog.jpg]
[templates.hibootstrap.com/caban/default/blog-details-right-sideabar.html]
[templates.hibootstrap.com/caban/default/assets/img/blog/author-1.jpg]
[templates.hibootstrap.com/caban/default/blog-details-no-sidebar.html]
[templates.hibootstrap.com/caban/default/assets/js/progressbar.min.js]
[templates.hibootstrap.com/caban/default/blog-details-left-sidebar.html]
[templates.hibootstrap.com/caban/default/blog-details-right-sidebar.html]
[templates.hibootstrap.com/caban/default/contact.html]
[templates.hibootstrap.com/caban/default/menus.html]
[templates.hibootstrap.com/caban/default/assets/fonts/la-brands-400.svg]
[templates.hibootstrap.com/caban/default/assets/fonts/la-regular-400.svg]
[templates.hibootstrap.com/caban/default/assets/js/comparison-slider.js]
[templates.hibootstrap.com/caban/default/assets/fonts/la-solid-900.svg]
[templates.hibootstrap.com/caban/default/assets/fonts/flaticonf30d.svg]
[templates.hibootstrap.com/caban/default/assets/img/footer/footer-bg-2.html]
[templates.hibootstrap.com/caban/default/car-details.html]
[templates.hibootstrap.com/caban/default/terms-condition.html]
[templates.hibootstrap.com/caban/default/blog-details-right-sideabar.html]
